src/features/organization/pages/Registration.tsx(3,24): error TS2307: Cannot find module '@/shared/components/ui/button' or its corresponding type declarations.
src/features/organization/pages/Registration.tsx(4,23): error TS2307: Cannot find module '@/shared/components/ui/input' or its corresponding type declarations.
src/features/organization/pages/Registration.tsx(5,23): error TS2307: Cannot find module '@/shared/components/ui/label' or its corresponding type declarations.
src/features/organization/pages/Registration.tsx(6,79): error TS2307: Cannot find module '@/shared/components/ui/select' or its corresponding type declarations.
src/features/organization/pages/Registration.tsx(16,27): error TS2307: Cannot find module '@/shared/lib/api' or its corresponding type declarations.
src/features/organization/pages/Registration.tsx(17,27): error TS2307: Cannot find module '@/constants/countries' or its corresponding type declarations.
src/features/organization/pages/Registration.tsx(18,26): error TS2307: Cannot find module '@/shared/components/ui/textarea' or its corresponding type declarations.
src/features/organization/pages/Registration.tsx(19,23): error TS2307: Cannot find module '@/shared/components/ui/badge' or its corresponding type declarations.
src/features/organization/pages/Registration.tsx(20,126): error TS2307: Cannot find module '@/shared/lib/utils' or its corresponding type declarations.
