server/modules/meetings/services/sfu/mediasoupService.ts(336,60): error TS2345: Argument of type 'unknown' is not assignable to parameter of type 'string'.
